stm055: Exception:

Control.Concurrent.STM.atomically was nested

Package: ghc-internal
Module: GHC.Internal.Control.Exception.Base
Type: NestedAtomically
